// Jest Snapshot v1, https://goo.gl/fbAQLP

exports[`Tour component renders correctly 1`] = `
<div
  className="react-joyride"
>
  <JoyrideStep
    action="start"
    callback={[Function]}
    continuous={true}
    controlled={true}
    debug={false}
    helpers={
      Object {
        "close": [Function],
        "go": [Function],
        "info": [Function],
        "next": [Function],
        "open": [Function],
        "prev": [Function],
        "reset": [Function],
        "skip": [Function],
      }
    }
    index={0}
    lifecycle="init"
    setPopper={[Function]}
    shouldScroll={false}
    size={2}
    status="running"
    step={
      Object {
        "content": "Test 1",
        "disableBeacon": true,
        "disableCloseOnEsc": false,
        "disableOverlay": false,
        "disableOverlayClose": false,
        "disableScrollParentFix": false,
        "disableScrolling": false,
        "event": "click",
        "floaterProps": Object {
          "offset": 20,
          "options": Object {
            "preventOverflow": Object {
              "boundariesElement": "scrollParent",
            },
          },
          "styles": Object {
            "arrow": Object {
              "color": "#fff",
            },
            "options": Object {
              "zIndex": 1500,
            },
          },
          "wrapperOptions": Object {
            "offset": -18,
            "position": true,
          },
        },
        "hideBackButton": false,
        "locale": Object {
          "back": "Back",
          "close": "Close",
          "last": "Last",
          "next": "Next",
          "open": "Open the dialog",
          "skip": "Skip",
        },
        "offset": 10,
        "placement": "bottom",
        "showProgress": false,
        "showSkipButton": false,
        "spotlightClicks": false,
        "spotlightPadding": 10,
        "styles": Object {
          "beacon": Object {
            "WebkitAppearance": "none",
            "backgroundColor": "transparent",
            "border": 0,
            "borderRadius": 0,
            "color": "#555",
            "cursor": "pointer",
            "display": "inline-block",
            "fontSize": 16,
            "height": 36,
            "lineHeight": 1,
            "padding": 8,
            "position": "relative",
            "width": 36,
            "zIndex": 1500,
          },
          "beaconInner": Object {
            "animation": "joyride-beacon-inner 1.2s infinite ease-in-out",
            "backgroundColor": "#C34613",
            "borderRadius": "50%",
            "display": "block",
            "height": "50%",
            "left": "50%",
            "opacity": 0.7,
            "position": "absolute",
            "top": "50%",
            "transform": "translate(-50%, -50%)",
            "width": "50%",
          },
          "beaconOuter": Object {
            "animation": "joyride-beacon-outer 1.2s infinite ease-in-out",
            "backgroundColor": "rgba(195,70,19, 0.2)",
            "border": "2px solid #C34613",
            "borderRadius": "50%",
            "boxSizing": "border-box",
            "display": "block",
            "height": "100%",
            "left": 0,
            "opacity": 0.9,
            "position": "absolute",
            "top": 0,
            "transformOrigin": "center",
            "width": "100%",
          },
          "buttonBack": Object {
            "WebkitAppearance": "none",
            "backgroundColor": "transparent",
            "border": 0,
            "borderRadius": 0,
            "color": "#C34613",
            "cursor": "pointer",
            "fontSize": 16,
            "lineHeight": 1,
            "marginLeft": "auto",
            "marginRight": 5,
            "padding": 8,
          },
          "buttonClose": Object {
            "WebkitAppearance": "none",
            "backgroundColor": "transparent",
            "border": 0,
            "borderRadius": 0,
            "color": "#333",
            "cursor": "pointer",
            "fontSize": 16,
            "height": 14,
            "lineHeight": 1,
            "padding": 15,
            "position": "absolute",
            "right": 0,
            "top": 0,
            "width": 14,
          },
          "buttonNext": Object {
            "WebkitAppearance": "none",
            "backgroundColor": "#C34613",
            "border": 0,
            "borderRadius": 4,
            "color": "#fff",
            "cursor": "pointer",
            "fontSize": 16,
            "lineHeight": 1,
            "padding": 8,
          },
          "buttonSkip": Object {
            "WebkitAppearance": "none",
            "backgroundColor": "transparent",
            "border": 0,
            "borderRadius": 0,
            "color": "#333",
            "cursor": "pointer",
            "fontSize": 14,
            "lineHeight": 1,
            "padding": 8,
          },
          "options": Object {
            "arrowColor": "#fff",
            "backgroundColor": "#fff",
            "beaconSize": 36,
            "overlayColor": "rgba(0, 0, 0, 0.5)",
            "primaryColor": "#C34613",
            "spotlightShadow": "0 0 15px rgba(0, 0, 0, 0.5)",
            "textColor": "#333",
            "zIndex": 1500,
          },
          "overlay": Object {
            "backgroundColor": "rgba(0, 0, 0, 0.5)",
            "bottom": 0,
            "left": 0,
            "mixBlendMode": "hard-light",
            "overflow": "hidden",
            "position": "absolute",
            "right": 0,
            "top": 0,
            "zIndex": 1500,
          },
          "overlayLegacy": Object {
            "bottom": 0,
            "left": 0,
            "overflow": "hidden",
            "position": "absolute",
            "right": 0,
            "top": 0,
            "zIndex": 1500,
          },
          "overlayLegacyCenter": Object {
            "backgroundColor": "rgba(0, 0, 0, 0.5)",
            "bottom": 0,
            "left": 0,
            "overflow": "hidden",
            "position": "absolute",
            "right": 0,
            "top": 0,
            "zIndex": 1500,
          },
          "spotlight": Object {
            "backgroundColor": "gray",
            "borderRadius": 4,
            "position": "absolute",
          },
          "spotlightLegacy": Object {
            "borderRadius": 4,
            "boxShadow": "0 0 0 9999px rgba(0, 0, 0, 0.5), 0 0 15px rgba(0, 0, 0, 0.5)",
            "position": "absolute",
          },
          "tooltip": Object {
            "backgroundColor": "#fff",
            "borderRadius": 5,
            "boxSizing": "border-box",
            "color": "#333",
            "fontSize": 16,
            "maxWidth": "100%",
            "padding": 15,
            "position": "relative",
            "width": 380,
          },
          "tooltipContainer": Object {
            "lineHeight": 1.4,
            "textAlign": "center",
          },
          "tooltipContent": Object {
            "padding": "20px 10px",
          },
          "tooltipFooter": Object {
            "alignItems": "center",
            "display": "flex",
            "justifyContent": "flex-end",
            "marginTop": 15,
          },
          "tooltipFooterSpacer": Object {
            "flex": 1,
          },
          "tooltipTitle": Object {
            "fontSize": 18,
            "margin": 0,
          },
        },
        "target": ".test-1",
      }
    }
    update={[Function]}
  />
</div>
`;
