// Jest Snapshot v1, https://goo.gl/fbAQLP

exports[`Page Not found component pageNotFound renders correctly 1`] = `
<div>
  <div
    className="PageNotFound-titleContainer-1"
  >
    <BugReportIcon
      className="PageNotFound-bugIcon-2"
    />
    <WithStyles(ForwardRef(Typography))
      className="PageNotFound-codeText-3"
    >
      404
    </WithStyles(ForwardRef(Typography))>
  </div>
  <div
    className="PageNotFound-container-4"
  >
    <WithStyles(ForwardRef(Typography))
      variant="h2"
    >
      Page not found
    </WithStyles(ForwardRef(Typography))>
    <WithStyles(ForwardRef(Typography))
      className="PageNotFound-message-5"
      variant="body1"
    >
      We're sorry, the page you requested could not be found. Please check the page address for typos. Click 
      <Link
        to="/"
      >
        here
      </Link>
       to return to the home page or contact support.
    </WithStyles(ForwardRef(Typography))>
  </div>
</div>
`;
