// Jest Snapshot v1, https://goo.gl/fbAQLP

exports[`Cookies page component should render correctly 1`] = `
<div
  className="CookiesPage-root-1"
>
  <WithStyles(ForwardRef(Typography))
    className="CookiesPage-titleText-3"
    variant="h3"
  >
    title
  </WithStyles(ForwardRef(Typography))>
  <div
    className="CookiesPage-container-2"
  >
    <WithStyles(ForwardRef(Typography))
      variant="h4"
    >
      cookie-policy-title
    </WithStyles(ForwardRef(Typography))>
    <WithStyles(ForwardRef(Typography))
      className="CookiesPage-cookiePolicy-4"
      dangerouslySetInnerHTML={
        Object {
          "__html": "cookie-policy",
        }
      }
      variant="body1"
    />
  </div>
  <div
    className="CookiesPage-container-2"
  >
    <WithStyles(ForwardRef(Typography))
      variant="h4"
    >
      cookie-management-title
    </WithStyles(ForwardRef(Typography))>
    <WithStyles(ForwardRef(Grid))
      className="CookiesPage-cookieTypes-5"
      container={true}
      direction="column"
      spacing={4}
    >
      <WithStyles(ForwardRef(Grid))
        alignItems="center"
        container={true}
        item={true}
        justify="flex-start"
      >
        <WithStyles(ForwardRef(Grid))
          item={true}
          sm={1}
          xs={2}
        >
          <WithStyles(ForwardRef(Switch))
            checked={true}
            color="primary"
            disabled={true}
            inputProps={
              Object {
                "aria-describedby": "essential-cookies-description",
                "aria-labelledby": "essential-cookies-title",
              }
            }
          />
        </WithStyles(ForwardRef(Grid))>
        <WithStyles(ForwardRef(Grid))
          item={true}
          sm={2}
          xs={4}
        >
          <WithStyles(ForwardRef(Typography))
            id="essential-cookies-title"
            variant="body1"
          >
            essential-cookies-title
          </WithStyles(ForwardRef(Typography))>
        </WithStyles(ForwardRef(Grid))>
        <WithStyles(ForwardRef(Grid))
          id="essential-cookies-description"
          item={true}
          sm={9}
          xs={12}
        >
          <WithStyles(ForwardRef(Typography))
            variant="body1"
          >
            essential-cookies-description
          </WithStyles(ForwardRef(Typography))>
          <ul
            className="CookiesPage-cookieList-7"
          >
            <WithStyles(ForwardRef(Typography))
              className="CookiesPage-cookieListItem-8"
              component="li"
              variant="body1"
            >
              cookie-consent-description
            </WithStyles(ForwardRef(Typography))>
            <WithStyles(ForwardRef(Typography))
              className="CookiesPage-cookieListItem-8"
              component="li"
              variant="body1"
            >
              scigateway-token-description
            </WithStyles(ForwardRef(Typography))>
          </ul>
        </WithStyles(ForwardRef(Grid))>
      </WithStyles(ForwardRef(Grid))>
      <WithStyles(ForwardRef(Grid))
        alignItems="center"
        container={true}
        item={true}
        justify="flex-start"
      >
        <WithStyles(ForwardRef(Grid))
          item={true}
          sm={1}
          xs={2}
        >
          <WithStyles(ForwardRef(Switch))
            checked={false}
            color="primary"
            inputProps={
              Object {
                "aria-describedby": "analytics-cookies-description",
                "aria-labelledby": "analytics-cookies-title",
              }
            }
            onChange={[Function]}
          />
        </WithStyles(ForwardRef(Grid))>
        <WithStyles(ForwardRef(Grid))
          item={true}
          sm={2}
          xs={4}
        >
          <WithStyles(ForwardRef(Typography))
            id="analytics-cookies-title"
            variant="body1"
          >
            analytics-cookies-title
          </WithStyles(ForwardRef(Typography))>
        </WithStyles(ForwardRef(Grid))>
        <WithStyles(ForwardRef(Grid))
          id="analytics-cookies-description"
          item={true}
          sm={9}
          xs={12}
        >
          <WithStyles(ForwardRef(Typography))
            variant="body1"
          >
            analytics-cookies-description
          </WithStyles(ForwardRef(Typography))>
          <ul
            className="CookiesPage-cookieList-7"
          >
            <WithStyles(ForwardRef(Typography))
              className="CookiesPage-cookieListItem-8"
              component="li"
              variant="body1"
            >
              google-analytics-description
            </WithStyles(ForwardRef(Typography))>
          </ul>
        </WithStyles(ForwardRef(Grid))>
      </WithStyles(ForwardRef(Grid))>
    </WithStyles(ForwardRef(Grid))>
  </div>
  <WithStyles(ForwardRef(Button))
    className="CookiesPage-button-6"
    color="primary"
    onClick={[Function]}
    size="medium"
    variant="contained"
  >
    save-preferences-button
  </WithStyles(ForwardRef(Button))>
</div>
`;
