// Jest Snapshot v1, https://goo.gl/fbAQLP

exports[`Example component renders correctly 1`] = `
<div>
  test notification
</div>
`;
